[dotenv@17.2.4] injecting env (7) from .env -- tip: ÔÜÖ´©Å  enable debug logging with { debug: true }
[dotenv@17.2.4] injecting env (0) from .env -- tip: ­ƒöÉ encrypt with Dotenvx: https://dotenvx.com
[HOLISTIC] Loaded 489 canonical terms for context.
[HOLISTIC DEBUG 15:11:33] Dynamically loaded 7 attributes for tenant cbe1df05-45ed-455a-9ce6-156b0bd45713.
[HOLISTIC] Dynamically loaded 7 attributes for tenant cbe1df05-45ed-455a-9ce6-156b0bd45713.

--- TESTING: "midrange phones" ---
[HOLISTIC DEBUG 15:11:33] START RESOLUTION for: "midrange phones"
[HOLISTIC DEBUG 15:11:33] BASE IDENTITY identified: term="Smartphones", type="category", id="7b8b5bb4-7878-4203-a550-a0941e1e3eb9"
[HOLISTIC DEBUG 15:11:33] Cache MISS: "midrange" -> Querying DB/Translator
[HOLISTIC DEBUG 15:11:33] API Call: Requesting translator for "midrange"...
[HOLISTIC DEBUG 15:11:39] Dictionary Match: "midrange" -> Type: attribute value
[HOLISTIC DEBUG 15:11:39] Filter FOUND: type=attribute, code=p, value=midrange, display="midrange"
[HOLISTIC DEBUG 15:11:39] Final Parsed Filters: attribute:midrange
[HOLISTIC DEBUG 15:11:39] FINAL Deduplicated Filters (1): midrange
FILTERS:
[
  {
    "type": "attribute",
    "code": "p",
    "label": "price tier",
    "value": "midrange",
    "operator": "=",
    "term": "midrange",
    "display": "midrange"
  }
]

--- TESTING: "flagship phones" ---
[HOLISTIC DEBUG 15:11:39] START RESOLUTION for: "flagship phones"
[HOLISTIC DEBUG 15:11:39] BASE IDENTITY identified: term="Smartphones", type="category", id="7b8b5bb4-7878-4203-a550-a0941e1e3eb9"
[HOLISTIC DEBUG 15:11:39] Cache MISS: "flagship" -> Querying DB/Translator
[HOLISTIC DEBUG 15:11:39] API Call: Requesting translator for "flagship"...
[HOLISTIC DEBUG 15:11:39] Dictionary Match: "flagship" -> Type: attribute value
[HOLISTIC DEBUG 15:11:39] Filter FOUND: type=attribute, code=p, value=flagship, display="flagship"
[HOLISTIC DEBUG 15:11:39] Final Parsed Filters: attribute:flagship
[HOLISTIC DEBUG 15:11:39] FINAL Deduplicated Filters (1): flagship
FILTERS:
[
  {
    "type": "attribute",
    "code": "p",
    "label": "price tier",
    "value": "flagship",
    "operator": "=",
    "term": "flagship",
    "display": "flagship"
  }
]

--- TESTING: "budget phones" ---
[HOLISTIC DEBUG 15:11:39] START RESOLUTION for: "budget phones"
[HOLISTIC DEBUG 15:11:39] BASE IDENTITY identified: term="Smartphones", type="category", id="7b8b5bb4-7878-4203-a550-a0941e1e3eb9"
[HOLISTIC DEBUG 15:11:39] Modifier DETECTED: "budget" -> Trying lookahead with "phones"...
[HOLISTIC DEBUG 15:11:39] Cache MISS: "budget phones" -> Querying DB/Translator
[HOLISTIC DEBUG 15:11:39] API Call: Requesting translator for "budget phones"...
[HOLISTIC DEBUG 15:11:40] Dictionary Match: "Smartphones" -> Type: category
[HOLISTIC DEBUG 15:11:40] Lookahead FAILED: "budget phones" not meaningful.
[HOLISTIC DEBUG 15:11:40] Cache MISS: "budget" -> Querying DB/Translator
[HOLISTIC DEBUG 15:11:40] API Call: Requesting translator for "budget"...
[HOLISTIC DEBUG 15:11:41] Dictionary Match: "budget" -> Type: attribute value
[HOLISTIC DEBUG 15:11:41] Filter FOUND: type=attribute, code=p, value=budget, display="budget"
[HOLISTIC DEBUG 15:11:41] Final Parsed Filters: attribute:budget
[HOLISTIC DEBUG 15:11:41] FINAL Deduplicated Filters (1): budget
FILTERS:
[
  {
    "type": "attribute",
    "code": "p",
    "label": "price tier",
    "value": "budget",
    "operator": "=",
    "term": "budget",
    "display": "budget"
  }
]

--- TESTING: "256gb phones" ---
[HOLISTIC DEBUG 15:11:41] START RESOLUTION for: "256gb phones"
[HOLISTIC DEBUG 15:11:41] BASE IDENTITY identified: term="Smartphones", type="category", id="7b8b5bb4-7878-4203-a550-a0941e1e3eb9"
[HOLISTIC DEBUG 15:11:41] Cache MISS: "256gb" -> Querying DB/Translator
[HOLISTIC DEBUG 15:11:41] API Call: Requesting translator for "256gb"...
[HOLISTIC DEBUG 15:11:42] Dictionary Match: "256" -> Type: attribute value
[HOLISTIC DEBUG 15:11:42] Filter FOUND: type=attribute, code=j, value=256, display="256"
[HOLISTIC DEBUG 15:11:42] Final Parsed Filters: attribute:256
[HOLISTIC DEBUG 15:11:42] FINAL Deduplicated Filters (1): 256
FILTERS:
[
  {
    "type": "attribute",
    "code": "j",
    "label": "storage",
    "value": "256",
    "operator": "=",
    "term": "256gb",
    "display": "256"
  }
]
--- END TEST ---
